// Jest Snapshot v1, https://goo.gl/fbAQLP

exports[`Pruebas en <SearchPage /> debe de mostrarse corretamtne con valores por defecto 1`] = `
<div>
  <h1>
    SearchPages
  </h1>
  <hr />
  <div
    class="row"
  >
    <div
      class="col-5"
    >
      <h4>
        Searching
      </h4>
      <hr />
      <form
        aria-label="form"
      >
        <input
          autocomplete="off"
          class="form-control"
          name="searchText"
          placeholder="Search a hero"
          type="text"
          value=""
        />
        <button
          class="btn btn-dark mt-2"
        >
          Search
        </button>
      </form>
    </div>
    <div
      class="col-7"
    >
      <h4>
        Results
      </h4>
      <hr />
      <div
        class="alert alert-dark"
      >
        Search a hero
      </div>
      <div
        aria-label="container"
        class="alert alert-danger"
        style="display: none;"
      >
        There is not a hero 
        <b>
           
           
        </b>
      </div>
      <div />
    </div>
  </div>
</div>
`;
